2026-04-18 13:44:40,655 - INFO - Starting login test
2026-04-18 13:44:41,241 - INFO - Entering credentials
2026-04-18 13:44:41,708 - INFO - Verifying login
2026-04-18 13:44:41,724 - INFO - Test passed
2026-04-20 04:39:20,437 - INFO - Starting login test
2026-04-20 04:39:20,744 - INFO - Entering credentials
2026-04-20 04:39:21,056 - INFO - Verifying login
2026-04-20 04:39:21,063 - INFO - Test passed
